{"workflow_id":"a335208bd8a54693b7fb42343f014dba","workflow_input":{"source_omex":{"name":"name","omex_s3_file":"path/to/model.omex"},"user_description":"description","requested_simulators":[{"simulator":"copasi","version":null},{"simulator":"vcell","version":null}],"include_outputs":false,"rTol":1e-6,"aTol":1e-9,"observables":["time","concentration"]},"workflow_status":"IN_PROGRESS","timestamp":"2025-01-13 06:17:00.252135+00:00","actual_simulators":null,"workflow_run_id":"cf5de858-dab7-492f-940b-3fcdbcf95afe","workflow_results":{"sims_run_info":[{"biosim_sim_run":{"id":"6784afdcba5a3f02b9f2bfba","name":"name","simulator":"copasi","simulatorVersion":"4.45.296","status":"SUCCEEDED","simulatorDigest":"sha256:7c9cd076eeec494a653353777e42561a2ec9be1bfcc647d0ea84d89fe18999df","cpus":null,"memory":null,"maxTime":null,"envVars":null,"purpose":null,"submitted":null,"updated":null,"projectSize":null,"resultsSize":null,"runtime":null,"email":null},"hdf5_file":{"filename":"reports.h5","id":"6784afdcba5a3f02b9f2bfba","uri":"https://storage.googleapis.com/files.biosimulations.org/simulations/6784afdcba5a3f02b9f2bfba/outputs/reports.h5","groups":[{"name":"BIOMD0000000010_url.sedml","attributes":[{"key":"combineArchiveLocation","value":"BIOMD0000000010_url.sedml"},{"key":"uri","value":"BIOMD0000000010_url.sedml"}],"datasets":[{"name":"BIOMD0000000010_url.sedml/autogen_report_for_task_fig2a","shape":[20,1001],"attributes":[{"key":"_type","value":"SedReport"},{"key":"sedmlDataSetDataTypes","value":["float64","float64","float64","float64","float64","float64","float64","float64","float64","float64","float64","float64","float64","float64","float64","float64","float64","float64","float64","float64"]},{"key":"sedmlDataSetIds","value":["autogen_time_for_task_fig2a","autogen_task_fig2a_MAPK_PP","autogen_task_fig2a_MAPK","autogen_task_fig2a_MKKK","autogen_task_fig2a_MKKK_P","autogen_task_fig2a_MKK","autogen_task_fig2a_MKK_P","autogen_task_fig2a_MKK_PP","autogen_task_fig2a_MAPK_P","autogen_task_fig2a_uVol","autogen_task_fig2a_J0","autogen_task_fig2a_J1","autogen_task_fig2a_J2","autogen_task_fig2a_J3","autogen_task_fig2a_J4","autogen_task_fig2a_J5","autogen_task_fig2a_J6","autogen_task_fig2a_J7","autogen_task_fig2a_J8","autogen_task_fig2a_J9"]},{"key":"sedmlDataSetLabels","value":["Time","MAPK_PP","MAPK","MKKK","MKKK_P","MKK","MKK_P","MKK_PP","MAPK_P","uVol","J0","J1","J2","J3","J4","J5","J6","J7","J8","J9"]},{"key":"sedmlDataSetNames","value":["","","","","","","","","","","","","","","","","","","",""]},{"key":"sedmlDataSetShapes","value":["1001","1001","1001","1001","1001","1001","1001","1001","1001","1001","1001","1001","1001","1001","1001","1001","1001","1001","1001","1001"]},{"key":"sedmlId","value":"autogen_report_for_task_fig2a"},{"key":"sedmlName","value":"Auto-generated report for task_fig2a, including all symbols in SBML with mathematical meaning, both constant and variable."},{"key":"uri","value":"BIOMD0000000010_url.sedml/autogen_report_for_task_fig2a"}]},{"name":"BIOMD0000000010_url.sedml/plot_0","shape":[3,1001],"attributes":[{"key":"_type","value":"SedPlot2D"},{"key":"sedmlDataSetDataTypes","value":["float64","float64","float64"]},{"key":"sedmlDataSetIds","value":["plot_0_0_0","plot_0_0_1","plot_0_1_1"]},{"key":"sedmlDataSetLabels","value":["task_fig2a.time/60","MAPK_PP","MAPK"]},{"key":"sedmlDataSetNames","value":["task_fig2a.time/60","MAPK_PP","MAPK"]},{"key":"sedmlDataSetShapes","value":["1001","1001","1001"]},{"key":"sedmlId","value":"plot_0"},{"key":"sedmlName","value":"Figure 2A"},{"key":"uri","value":"BIOMD0000000010_url.sedml/plot_0"}]},{"name":"BIOMD0000000010_url.sedml/plot_1","shape":[3,1001],"attributes":[{"key":"_type","value":"SedPlot2D"},{"key":"sedmlDataSetDataTypes","value":["float64","float64","float64"]},{"key":"sedmlDataSetIds","value":["plot_1_0_0","plot_1_0_1","plot_1_1_1"]},{"key":"sedmlDataSetLabels","value":["task_fig2b.time/60","MAPK_PP","MAPK"]},{"key":"sedmlDataSetNames","value":["task_fig2b.time/60","MAPK_PP","MAPK"]},{"key":"sedmlDataSetShapes","value":["1001","1001","1001"]},{"key":"sedmlId","value":"plot_1"},{"key":"sedmlName","value":"Figure 2B"},{"key":"uri","value":"BIOMD0000000010_url.sedml/plot_1"}]},{"name":"BIOMD0000000010_url.sedml/report_2","shape":[3,1001],"attributes":[{"key":"_type","value":"SedReport"},{"key":"sedmlDataSetDataTypes","value":["float64","float64","float64"]},{"key":"sedmlDataSetIds","value":["plot_0_0_0_dataset","plot_0_0_1_dataset","plot_0_1_1_dataset"]},{"key":"sedmlDataSetLabels","value":["task_fig2a.time/60","task_fig2a.MAPK_PP","task_fig2a.MAPK"]},{"key":"sedmlDataSetNames","value":["","",""]},{"key":"sedmlDataSetShapes","value":["1001","1001","1001"]},{"key":"sedmlId","value":"report_2"},{"key":"sedmlName","value":"Figure 2A"},{"key":"uri","value":"BIOMD0000000010_url.sedml/report_2"}]},{"name":"BIOMD0000000010_url.sedml/report_3","shape":[3,1001],"attributes":[{"key":"_type","value":"SedReport"},{"key":"sedmlDataSetDataTypes","value":["float64","float64","float64"]},{"key":"sedmlDataSetIds","value":["plot_1_0_0_dataset","plot_1_0_1_dataset","plot_1_1_1_dataset"]},{"key":"sedmlDataSetLabels","value":["task_fig2b.time/60","task_fig2b.MAPK_PP","task_fig2b.MAPK"]},{"key":"sedmlDataSetNames","value":["","",""]},{"key":"sedmlDataSetShapes","value":["1001","1001","1001"]},{"key":"sedmlId","value":"report_3"},{"key":"sedmlName","value":"Figure 2B"},{"key":"uri","value":"BIOMD0000000010_url.sedml/report_3"}]}]}]}},{"biosim_sim_run":{"id":"6784afdc167dc18b5b24432d","name":"name","simulator":"vcell","simulatorVersion":"7.7.0.13","status":"SUCCEEDED","simulatorDigest":"sha256:828b2dc2b983de901c2d68eeb415cb22b46f1db04cdb9e8815d80bf451005216","cpus":null,"memory":null,"maxTime":null,"envVars":null,"purpose":null,"submitted":null,"updated":null,"projectSize":null,"resultsSize":null,"runtime":null,"email":null},"hdf5_file":{"filename":"reports.h5","id":"6784afdc167dc18b5b24432d","uri":"https://storage.googleapis.com/files.biosimulations.org/simulations/6784afdc167dc18b5b24432d/outputs/reports.h5","groups":[{"name":"BIOMD0000000010_url.sedml","attributes":[{"key":"combineArchiveLocation","value":"BIOMD0000000010_url.sedml"},{"key":"uri","value":"BIOMD0000000010_url.sedml"}],"datasets":[{"name":"BIOMD0000000010_url.sedml/autogen_report_for_task_fig2a","shape":[20,1001],"attributes":[{"key":"_type","value":"SedReport"},{"key":"sedmlDataSetDataTypes","value":["float64","float64","float64","float64","float64","float64","float64","float64","float64","float64","float64","float64","float64","float64","float64","float64","float64","float64","float64","float64"]},{"key":"sedmlDataSetIds","value":["autogen_time_for_task_fig2a","autogen_task_fig2a_MAPK_PP","autogen_task_fig2a_MAPK","autogen_task_fig2a_MKKK","autogen_task_fig2a_MKKK_P","autogen_task_fig2a_MKK","autogen_task_fig2a_MKK_P","autogen_task_fig2a_MKK_PP","autogen_task_fig2a_MAPK_P","autogen_task_fig2a_uVol","autogen_task_fig2a_J0","autogen_task_fig2a_J1","autogen_task_fig2a_J2","autogen_task_fig2a_J3","autogen_task_fig2a_J4","autogen_task_fig2a_J5","autogen_task_fig2a_J6","autogen_task_fig2a_J7","autogen_task_fig2a_J8","autogen_task_fig2a_J9"]},{"key":"sedmlDataSetLabels","value":["Time","MAPK_PP","MAPK","MKKK","MKKK_P","MKK","MKK_P","MKK_PP","MAPK_P","uVol","J0","J1","J2","J3","J4","J5","J6","J7","J8","J9"]},{"key":"sedmlDataSetNames","value":["","","","","","","","","","","","","","","","","","","",""]},{"key":"sedmlDataSetShapes","value":["1001","1001","1001","1001","1001","1001","1001","1001","1001","1001","1001","1001","1001","1001","1001","1001","1001","1001","1001","1001"]},{"key":"sedmlId","value":"autogen_report_for_task_fig2a"},{"key":"sedmlName","value":"Auto-generated report for task_fig2a, including all symbols in SBML with mathematical meaning, both constant and variable."},{"key":"uri","value":"BIOMD0000000010_url.sedml/autogen_report_for_task_fig2a"}]},{"name":"BIOMD0000000010_url.sedml/plot_0","shape":[3,1001],"attributes":[{"key":"_type","value":"SedPlot2D"},{"key":"sedmlDataSetDataTypes","value":["float64","float64","float64"]},{"key":"sedmlDataSetIds","value":["0_0","0_1","1_1"]},{"key":"sedmlDataSetLabels","value":["plot_0_0_0","plot_0_0_1","plot_0_1_1"]},{"key":"sedmlDataSetNames","value":["task_fig2a.time/60","task_fig2a.MAPK_PP","task_fig2a.MAPK"]},{"key":"sedmlDataSetShapes","value":["1001","1001","1001"]},{"key":"sedmlId","value":"plot_0"},{"key":"sedmlName","value":"Figure 2A"},{"key":"uri","value":"BIOMD0000000010_url.sedml/plot_0"}]},{"name":"BIOMD0000000010_url.sedml/plot_1","shape":[3,1001],"attributes":[{"key":"_type","value":"SedPlot2D"},{"key":"sedmlDataSetDataTypes","value":["float64","float64","float64"]},{"key":"sedmlDataSetIds","value":["0_0","0_1","1_1"]},{"key":"sedmlDataSetLabels","value":["plot_1_0_0","plot_1_0_1","plot_1_1_1"]},{"key":"sedmlDataSetNames","value":["task_fig2b.time/60","task_fig2b.MAPK_PP","task_fig2b.MAPK"]},{"key":"sedmlDataSetShapes","value":["1001","1001","1001"]},{"key":"sedmlId","value":"plot_1"},{"key":"sedmlName","value":"Figure 2B"},{"key":"uri","value":"BIOMD0000000010_url.sedml/plot_1"}]},{"name":"BIOMD0000000010_url.sedml/report_2","shape":[3,1001],"attributes":[{"key":"_type","value":"SedReport"},{"key":"sedmlDataSetDataTypes","value":["float64","float64","float64"]},{"key":"sedmlDataSetIds","value":["plot_0_0_0_dataset","plot_0_0_1_dataset","plot_0_1_1_dataset"]},{"key":"sedmlDataSetLabels","value":["task_fig2a.time/60","task_fig2a.MAPK_PP","task_fig2a.MAPK"]},{"key":"sedmlDataSetNames","value":["","",""]},{"key":"sedmlDataSetShapes","value":["1001","1001","1001"]},{"key":"sedmlId","value":"report_2"},{"key":"sedmlName","value":"Figure 2A"},{"key":"uri","value":"BIOMD0000000010_url.sedml/report_2"}]},{"name":"BIOMD0000000010_url.sedml/report_3","shape":[3,1001],"attributes":[{"key":"_type","value":"SedReport"},{"key":"sedmlDataSetDataTypes","value":["float64","float64","float64"]},{"key":"sedmlDataSetIds","value":["plot_1_0_0_dataset","plot_1_0_1_dataset","plot_1_1_1_dataset"]},{"key":"sedmlDataSetLabels","value":["task_fig2b.time/60","task_fig2b.MAPK_PP","task_fig2b.MAPK"]},{"key":"sedmlDataSetNames","value":["","",""]},{"key":"sedmlDataSetShapes","value":["1001","1001","1001"]},{"key":"sedmlId","value":"report_3"},{"key":"sedmlName","value":"Figure 2B"},{"key":"uri","value":"BIOMD0000000010_url.sedml/report_3"}]}]}]}}],"all_dataset_vars":[{"dataset_name":"BIOMD0000000010_url.sedml/autogen_report_for_task_fig2a","var_name":"Time"},{"dataset_name":"BIOMD0000000010_url.sedml/autogen_report_for_task_fig2a","var_name":"MAPK_PP"},{"dataset_name":"BIOMD0000000010_url.sedml/autogen_report_for_task_fig2a","var_name":"MAPK"},{"dataset_name":"BIOMD0000000010_url.sedml/autogen_report_for_task_fig2a","var_name":"MKKK"},{"dataset_name":"BIOMD0000000010_url.sedml/autogen_report_for_task_fig2a","var_name":"MKKK_P"},{"dataset_name":"BIOMD0000000010_url.sedml/autogen_report_for_task_fig2a","var_name":"MKK"},{"dataset_name":"BIOMD0000000010_url.sedml/autogen_report_for_task_fig2a","var_name":"MKK_P"},{"dataset_name":"BIOMD0000000010_url.sedml/autogen_report_for_task_fig2a","var_name":"MKK_PP"},{"dataset_name":"BIOMD0000000010_url.sedml/autogen_report_for_task_fig2a","var_name":"MAPK_P"},{"dataset_name":"BIOMD0000000010_url.sedml/autogen_report_for_task_fig2a","var_name":"uVol"},{"dataset_name":"BIOMD0000000010_url.sedml/autogen_report_for_task_fig2a","var_name":"J0"},{"dataset_name":"BIOMD0000000010_url.sedml/autogen_report_for_task_fig2a","var_name":"J1"},{"dataset_name":"BIOMD0000000010_url.sedml/autogen_report_for_task_fig2a","var_name":"J2"},{"dataset_name":"BIOMD0000000010_url.sedml/autogen_report_for_task_fig2a","var_name":"J3"},{"dataset_name":"BIOMD0000000010_url.sedml/autogen_report_for_task_fig2a","var_name":"J4"},{"dataset_name":"BIOMD0000000010_url.sedml/autogen_report_for_task_fig2a","var_name":"J5"},{"dataset_name":"BIOMD0000000010_url.sedml/autogen_report_for_task_fig2a","var_name":"J6"},{"dataset_name":"BIOMD0000000010_url.sedml/autogen_report_for_task_fig2a","var_name":"J7"},{"dataset_name":"BIOMD0000000010_url.sedml/autogen_report_for_task_fig2a","var_name":"J8"},{"dataset_name":"BIOMD0000000010_url.sedml/autogen_report_for_task_fig2a","var_name":"J9"},{"dataset_name":"BIOMD0000000010_url.sedml/plot_0","var_name":"task_fig2a.time/60"},{"dataset_name":"BIOMD0000000010_url.sedml/plot_0","var_name":"MAPK_PP"},{"dataset_name":"BIOMD0000000010_url.sedml/plot_0","var_name":"MAPK"},{"dataset_name":"BIOMD0000000010_url.sedml/plot_1","var_name":"task_fig2b.time/60"},{"dataset_name":"BIOMD0000000010_url.sedml/plot_1","var_name":"MAPK_PP"},{"dataset_name":"BIOMD0000000010_url.sedml/plot_1","var_name":"MAPK"},{"dataset_name":"BIOMD0000000010_url.sedml/report_2","var_name":"task_fig2a.time/60"},{"dataset_name":"BIOMD0000000010_url.sedml/report_2","var_name":"task_fig2a.MAPK_PP"},{"dataset_name":"BIOMD0000000010_url.sedml/report_2","var_name":"task_fig2a.MAPK"},{"dataset_name":"BIOMD0000000010_url.sedml/report_3","var_name":"task_fig2b.time/60"},{"dataset_name":"BIOMD0000000010_url.sedml/report_3","var_name":"task_fig2b.MAPK_PP"},{"dataset_name":"BIOMD0000000010_url.sedml/report_3","var_name":"task_fig2b.MAPK"},{"dataset_name":"BIOMD0000000010_url.sedml/plot_0","var_name":"plot_0_0_0"},{"dataset_name":"BIOMD0000000010_url.sedml/plot_0","var_name":"plot_0_0_1"},{"dataset_name":"BIOMD0000000010_url.sedml/plot_0","var_name":"plot_0_1_1"},{"dataset_name":"BIOMD0000000010_url.sedml/plot_1","var_name":"plot_1_0_0"},{"dataset_name":"BIOMD0000000010_url.sedml/plot_1","var_name":"plot_1_0_1"},{"dataset_name":"BIOMD0000000010_url.sedml/plot_1","var_name":"plot_1_1_1"}],"comparison_statistics":{"BIOMD0000000010_url.sedml/autogen_report_for_task_fig2a":[[{"dataset_name":"BIOMD0000000010_url.sedml/autogen_report_for_task_fig2a","simulator_version_i":"copasi:4.45.296","simulator_version_j":"copasi:4.45.296","var_names":["Time","MAPK_PP","MAPK","MKKK","MKKK_P","MKK","MKK_P","MKK_PP","MAPK_P","uVol","J0","J1","J2","J3","J4","J5","J6","J7","J8","J9"],"mse":[0.0,0.0,0.0,0.0,0.0,0.0,0.0,0.0,0.0,0.0,0.0,0.0,0.0,0.0,0.0,0.0,0.0,0.0,0.0,0.0],"is_close":[true,true,true,true,true,true,true,true,true,true,true,true,true,true,true,true,true,true,true,true],"error_message":null},{"dataset_name":"BIOMD0000000010_url.sedml/autogen_report_for_task_fig2a","simulator_version_i":"copasi:4.45.296","simulator_version_j":"vcell:7.7.0.13","var_names":["Time","MAPK_PP","MAPK","MKKK","MKKK_P","MKK","MKK_P","MKK_PP","MAPK_P","uVol","J0","J1","J2","J3","J4","J5","J6","J7","J8","J9"],"mse":[0.0,7.068847624010096e-7,5.090201530125706e-7,2.214784143227218e-8,2.214784142222782e-8,3.375753167548297e-7,7.752019181836099e-8,1.5619082986842242e-7,1.365152346064181e-7,0.0,1.5815733394531717e-12,1.3839311774039995e-13,1.1731742379707888e-11,1.033804683989358e-11,5.234055690372182e-12,2.9304973864093064e-12,1.0548192500419493e-10,1.0936474242899449e-10,1.7460280263826061e-13,3.462611657323798e-12],"is_close":[true,false,false,false,false,false,false,false,false,true,false,false,false,false,false,false,false,false,false,false],"error_message":null}],[{"dataset_name":"BIOMD0000000010_url.sedml/autogen_report_for_task_fig2a","simulator_version_i":"vcell:7.7.0.13","simulator_version_j":"copasi:4.45.296","var_names":["Time","MAPK_PP","MAPK","MKKK","MKKK_P","MKK","MKK_P","MKK_PP","MAPK_P","uVol","J0","J1","J2","J3","J4","J5","J6","J7","J8","J9"],"mse":[0.0,7.068847624010096e-7,5.090201530125706e-7,2.214784143227218e-8,2.214784142222782e-8,3.375753167548297e-7,7.752019181836099e-8,1.5619082986842242e-7,1.365152346064181e-7,0.0,1.5815733394531717e-12,1.3839311774039995e-13,1.1731742379707888e-11,1.033804683989358e-11,5.234055690372182e-12,2.9304973864093064e-12,1.0548192500419493e-10,1.0936474242899449e-10,1.7460280263826061e-13,3.462611657323798e-12],"is_close":[true,false,false,false,false,false,false,false,false,true,false,false,false,false,false,false,false,false,false,false],"error_message":null},{"dataset_name":"BIOMD0000000010_url.sedml/autogen_report_for_task_fig2a","simulator_version_i":"vcell:7.7.0.13","simulator_version_j":"vcell:7.7.0.13","var_names":["Time","MAPK_PP","MAPK","MKKK","MKKK_P","MKK","MKK_P","MKK_PP","MAPK_P","uVol","J0","J1","J2","J3","J4","J5","J6","J7","J8","J9"],"mse":[0.0,0.0,0.0,0.0,0.0,0.0,0.0,0.0,0.0,0.0,0.0,0.0,0.0,0.0,0.0,0.0,0.0,0.0,0.0,0.0],"is_close":[true,true,true,true,true,true,true,true,true,true,true,true,true,true,true,true,true,true,true,true],"error_message":null}]],"BIOMD0000000010_url.sedml/plot_0":[[{"dataset_name":"BIOMD0000000010_url.sedml/plot_0","simulator_version_i":"copasi:4.45.296","simulator_version_j":"copasi:4.45.296","var_names":["task_fig2a.time/60","MAPK_PP","MAPK"],"mse":[0.0,0.0,0.0],"is_close":[true,true,true],"error_message":null},{"dataset_name":"BIOMD0000000010_url.sedml/plot_0","simulator_version_i":"copasi:4.45.296","simulator_version_j":"vcell:7.7.0.13","var_names":["task_fig2a.time/60","MAPK_PP","MAPK"],"mse":null,"is_close":null,"error_message":"Variables of copasi:4.45.296 and vcell:7.7.0.13 do not match, ['task_fig2a.time/60', 'MAPK_PP', 'MAPK'] != ['plot_0_0_0', 'plot_0_0_1', 'plot_0_1_1']"}],[{"dataset_name":"BIOMD0000000010_url.sedml/plot_0","simulator_version_i":"vcell:7.7.0.13","simulator_version_j":"copasi:4.45.296","var_names":["plot_0_0_0","plot_0_0_1","plot_0_1_1"],"mse":null,"is_close":null,"error_message":"Variables of vcell:7.7.0.13 and copasi:4.45.296 do not match, ['plot_0_0_0', 'plot_0_0_1', 'plot_0_1_1'] != ['task_fig2a.time/60', 'MAPK_PP', 'MAPK']"},{"dataset_name":"BIOMD0000000010_url.sedml/plot_0","simulator_version_i":"vcell:7.7.0.13","simulator_version_j":"vcell:7.7.0.13","var_names":["plot_0_0_0","plot_0_0_1","plot_0_1_1"],"mse":[0.0,0.0,0.0],"is_close":[true,true,true],"error_message":null}]],"BIOMD0000000010_url.sedml/plot_1":[[{"dataset_name":"BIOMD0000000010_url.sedml/plot_1","simulator_version_i":"copasi:4.45.296","simulator_version_j":"copasi:4.45.296","var_names":["task_fig2b.time/60","MAPK_PP","MAPK"],"mse":[0.0,0.0,0.0],"is_close":[true,true,true],"error_message":null},{"dataset_name":"BIOMD0000000010_url.sedml/plot_1","simulator_version_i":"copasi:4.45.296","simulator_version_j":"vcell:7.7.0.13","var_names":["task_fig2b.time/60","MAPK_PP","MAPK"],"mse":null,"is_close":null,"error_message":"Variables of copasi:4.45.296 and vcell:7.7.0.13 do not match, ['task_fig2b.time/60', 'MAPK_PP', 'MAPK'] != ['plot_1_0_0', 'plot_1_0_1', 'plot_1_1_1']"}],[{"dataset_name":"BIOMD0000000010_url.sedml/plot_1","simulator_version_i":"vcell:7.7.0.13","simulator_version_j":"copasi:4.45.296","var_names":["plot_1_0_0","plot_1_0_1","plot_1_1_1"],"mse":null,"is_close":null,"error_message":"Variables of vcell:7.7.0.13 and copasi:4.45.296 do not match, ['plot_1_0_0', 'plot_1_0_1', 'plot_1_1_1'] != ['task_fig2b.time/60', 'MAPK_PP', 'MAPK']"},{"dataset_name":"BIOMD0000000010_url.sedml/plot_1","simulator_version_i":"vcell:7.7.0.13","simulator_version_j":"vcell:7.7.0.13","var_names":["plot_1_0_0","plot_1_0_1","plot_1_1_1"],"mse":[0.0,0.0,0.0],"is_close":[true,true,true],"error_message":null}]],"BIOMD0000000010_url.sedml/report_2":[[{"dataset_name":"BIOMD0000000010_url.sedml/report_2","simulator_version_i":"copasi:4.45.296","simulator_version_j":"copasi:4.45.296","var_names":["task_fig2a.time/60","task_fig2a.MAPK_PP","task_fig2a.MAPK"],"mse":[0.0,0.0,0.0],"is_close":[true,true,true],"error_message":null},{"dataset_name":"BIOMD0000000010_url.sedml/report_2","simulator_version_i":"copasi:4.45.296","simulator_version_j":"vcell:7.7.0.13","var_names":["task_fig2a.time/60","task_fig2a.MAPK_PP","task_fig2a.MAPK"],"mse":[7.832064826486234e-30,7.068847624010096e-7,5.090201530125706e-7],"is_close":[true,false,false],"error_message":null}],[{"dataset_name":"BIOMD0000000010_url.sedml/report_2","simulator_version_i":"vcell:7.7.0.13","simulator_version_j":"copasi:4.45.296","var_names":["task_fig2a.time/60","task_fig2a.MAPK_PP","task_fig2a.MAPK"],"mse":[7.832064826486234e-30,7.068847624010096e-7,5.090201530125706e-7],"is_close":[true,false,false],"error_message":null},{"dataset_name":"BIOMD0000000010_url.sedml/report_2","simulator_version_i":"vcell:7.7.0.13","simulator_version_j":"vcell:7.7.0.13","var_names":["task_fig2a.time/60","task_fig2a.MAPK_PP","task_fig2a.MAPK"],"mse":[0.0,0.0,0.0],"is_close":[true,true,true],"error_message":null}]],"BIOMD0000000010_url.sedml/report_3":[[{"dataset_name":"BIOMD0000000010_url.sedml/report_3","simulator_version_i":"copasi:4.45.296","simulator_version_j":"copasi:4.45.296","var_names":["task_fig2b.time/60","task_fig2b.MAPK_PP","task_fig2b.MAPK"],"mse":[0.0,0.0,0.0],"is_close":[true,true,true],"error_message":null},{"dataset_name":"BIOMD0000000010_url.sedml/report_3","simulator_version_i":"copasi:4.45.296","simulator_version_j":"vcell:7.7.0.13","var_names":["task_fig2b.time/60","task_fig2b.MAPK_PP","task_fig2b.MAPK"],"mse":[5.734806001292011e-30,4.4899338910569416e-7,4.250409686092151e-7],"is_close":[true,false,false],"error_message":null}],[{"dataset_name":"BIOMD0000000010_url.sedml/report_3","simulator_version_i":"vcell:7.7.0.13","simulator_version_j":"copasi:4.45.296","var_names":["task_fig2b.time/60","task_fig2b.MAPK_PP","task_fig2b.MAPK"],"mse":[5.734806001292011e-30,4.4899338910569416e-7,4.250409686092151e-7],"is_close":[true,false,false],"error_message":null},{"dataset_name":"BIOMD0000000010_url.sedml/report_3","simulator_version_i":"vcell:7.7.0.13","simulator_version_j":"vcell:7.7.0.13","var_names":["task_fig2b.time/60","task_fig2b.MAPK_PP","task_fig2b.MAPK"],"mse":[0.0,0.0,0.0],"is_close":[true,true,true],"error_message":null}]]},"sim_run_data":null}}